2026.10.06 16:40:33 INFO  Started: Metals version 1.6.9 in folders '/Users/puddu/Documents/GitHub/agile-hw/lab6' for client Visual Studio Code 1.140.0.
2026.10.06 16:40:33 INFO  Memory monitor started
2026.10.06 16:40:33 WARN  Using H2 2.5.250 which is newer than the version Flyway has been verified with. The latest verified version of H2 is 2.3.232.
2026.10.06 16:43:33 INFO  Shutting down server
2026.10.06 16:43:33 INFO  Memory monitor stopped
2026.10.06 16:43:33 INFO  shutting down Metals
2026.10.06 16:43:33 INFO  Exiting server
2026.10.06 16:51:42 INFO  Started: Metals version 1.6.9 in folders '/Users/puddu/Documents/GitHub/lab6' for client Visual Studio Code 1.140.0.
2026.10.06 16:51:42 INFO  Memory monitor started
2026.10.06 16:51:42 WARN  Using H2 2.5.250 which is newer than the version Flyway has been verified with. The latest verified version of H2 is 2.3.232.
2026.10.06 16:51:45 INFO  running '/Users/puddu/Library/Application Support/Coursier/bin/sbt -Dbloop.export-jar-classifiers=sources -Dbloop.export-meta-build=true bloopInstall'
2026.10.06 16:51:45 INFO  [info] entering thin client - BEEP WHIRR
2026.10.06 16:51:45 INFO  [info] starting sbt server in the background
2026.10.06 16:51:45 INFO  [info] use 'sbt shutdown' to shutdown the server
2026.10.06 16:51:45 INFO  [info]  
2026.10.06 16:51:46 INFO  no build target found for /Users/puddu/Documents/GitHub/lab6/project/metals.sbt. Using presentation compiler with project's scala-library version: 3.3.8
2026.10.06 16:51:46 WARN  no build target for: /Users/puddu/Documents/GitHub/lab6/project/metals.sbt
2026.10.06 16:51:46 WARN  no build target for: /Users/puddu/Documents/GitHub/lab6/project/project/metals.sbt
2026.10.06 16:51:46 INFO  [info] Updated file /Users/puddu/Documents/GitHub/lab6/project/build.properties: set sbt.version to 2.0.8
2026.10.06 16:51:46 INFO  [info] welcome to sbt 2.0.8 (Homebrew Java 25.0.4.1)
2026.10.06 16:51:46 INFO  no build target found for /Users/puddu/Documents/GitHub/lab6/project/project/metals.sbt. Using presentation compiler with project's scala-library version: 3.3.8
2026.10.06 16:51:48 INFO  [info] loading project definition from /Users/puddu/Documents/GitHub/lab6/project/project
2026.10.06 16:51:50 INFO  [info] loading project definition from /Users/puddu/Documents/GitHub/lab6/project
2026.10.06 16:51:50 INFO  [success] Generated .bloop/lab6-build.json
2026.10.06 16:51:51 INFO  [success] elapsed time: 1 s, cache 100%, 9 disk cache hits
2026.10.06 16:51:53 INFO  [info] set current project to lab6 (in build file:/Users/puddu/Documents/GitHub/lab6/)
2026.10.06 16:51:53 INFO  [success] elapsed time: 1 s
2026.10.06 16:51:53 INFO  
2026.10.06 16:51:54 INFO  time: ran 'sbt bloopInstall' in 8.51s
2026.10.06 16:51:54 INFO  Attempting to connect to the build server...
2026.10.06 16:51:54 INFO  Found a Bloop server running
2026.10.06 16:51:54 INFO  Tracing is disabled for protocol BSP. To enable tracing of incoming and outgoing JSON messages, create an empty file at /Users/puddu/Documents/GitHub/lab6/.metals/bsp.trace.json or /Users/puddu/Library/Caches/org.scalameta.metals/bsp.trace.json
2026.10.06 16:51:54 INFO  Attempting to connect to the build server...
2026.10.06 16:51:54 INFO  Found a Bloop server running
2026.10.06 16:51:54 INFO  Tracing is disabled for protocol BSP. To enable tracing of incoming and outgoing JSON messages, create an empty file at /Users/puddu/Documents/GitHub/lab6/project/.metals/bsp.trace.json or /Users/puddu/Library/Caches/org.scalameta.metals/bsp.trace.json
2026.10.06 16:51:54 INFO  time: Connected to build server in 0.33s
2026.10.06 16:51:54 INFO  Connected to Build server: Bloop v2.1.2
2026.10.06 16:51:56 WARN  Using H2 2.5.250 which is newer than the version Flyway has been verified with. The latest verified version of H2 is 2.3.232.
2026.10.06 16:51:59 INFO  time: indexed workspace in 4.98s
